[20:24:26] [ServerMain/INFO]: Environment: Environment[sessionHost=https://sessionserver.mojang.com, servicesHost=https://api.minecraftservices.com, name=PROD]
[20:24:30] [ServerMain/INFO]: Loaded 1499 recipes
[20:24:30] [ServerMain/ERROR]: Failed to load function survivalexpansion:give/neptunium_essence
java.util.concurrent.CompletionException: java.lang.IllegalArgumentException: Whilst parsing command on line 1: Unknown item component 'minecraft:tooltip_display' at position 166: ...spect":1},<--[HERE]
	at java.base/java.util.concurrent.CompletableFuture.encodeThrowable(CompletableFuture.java:315) ~[?:?]
	at java.base/java.util.concurrent.CompletableFuture.completeThrowable(CompletableFuture.java:320) ~[?:?]
	at java.base/java.util.concurrent.CompletableFuture$AsyncSupply.run(CompletableFuture.java:1770) ~[?:?]
	at java.base/java.util.concurrent.CompletableFuture$AsyncSupply.exec(CompletableFuture.java:1760) ~[?:?]
	at java.base/java.util.concurrent.ForkJoinTask.doExec(ForkJoinTask.java:387) ~[?:?]
	at java.base/java.util.concurrent.ForkJoinPool$WorkQueue.topLevelExec(ForkJoinPool.java:1312) ~[?:?]
	at java.base/java.util.concurrent.ForkJoinPool.scan(ForkJoinPool.java:1843) ~[?:?]
	at java.base/java.util.concurrent.ForkJoinPool.runWorker(ForkJoinPool.java:1808) ~[?:?]
	at java.base/java.util.concurrent.ForkJoinWorkerThread.run(ForkJoinWorkerThread.java:188) ~[?:?]
Caused by: java.lang.IllegalArgumentException: Whilst parsing command on line 1: Unknown item component 'minecraft:tooltip_display' at position 166: ...spect":1},<--[HERE]
	at il.a(SourceFile:80) ~[server-1.21.4.jar:?]
	at alj.a(SourceFile:87) ~[server-1.21.4.jar:?]
	at java.base/java.util.concurrent.CompletableFuture$AsyncSupply.run(CompletableFuture.java:1768) ~[?:?]
	... 6 more
[20:24:30] [ServerMain/ERROR]: Failed to load function survivalexpansion:give/maxsetup
java.util.concurrent.CompletionException: java.lang.IllegalArgumentException: Whilst parsing command on line 2: Malformed 'minecraft:custom_name' component: 'Not a string' at position 68: ...stom_name=<--[HERE]
	at java.base/java.util.concurrent.CompletableFuture.encodeThrowable(CompletableFuture.java:315) ~[?:?]
	at java.base/java.util.concurrent.CompletableFuture.completeThrowable(CompletableFuture.java:320) ~[?:?]
	at java.base/java.util.concurrent.CompletableFuture$AsyncSupply.run(CompletableFuture.java:1770) ~[?:?]
	at java.base/java.util.concurrent.CompletableFuture$AsyncSupply.exec(CompletableFuture.java:1760) ~[?:?]
	at java.base/java.util.concurrent.ForkJoinTask.doExec(ForkJoinTask.java:387) ~[?:?]
	at java.base/java.util.concurrent.ForkJoinPool$WorkQueue.topLevelExec(ForkJoinPool.java:1312) ~[?:?]
	at java.base/java.util.concurrent.ForkJoinPool.scan(ForkJoinPool.java:1843) ~[?:?]
	at java.base/java.util.concurrent.ForkJoinPool.runWorker(ForkJoinPool.java:1808) ~[?:?]
	at java.base/java.util.concurrent.ForkJoinWorkerThread.run(ForkJoinWorkerThread.java:188) ~[?:?]
Caused by: java.lang.IllegalArgumentException: Whilst parsing command on line 2: Malformed 'minecraft:custom_name' component: 'Not a string' at position 68: ...stom_name=<--[HERE]
	at il.a(SourceFile:80) ~[server-1.21.4.jar:?]
	at alj.a(SourceFile:87) ~[server-1.21.4.jar:?]
	at java.base/java.util.concurrent.CompletableFuture$AsyncSupply.run(CompletableFuture.java:1768) ~[?:?]
	... 6 more
[20:24:30] [ServerMain/ERROR]: Failed to load function survivalexpansion:give/dread_blade
java.util.concurrent.CompletionException: java.lang.IllegalArgumentException: Whilst parsing command on line 1: Malformed 'minecraft:custom_name' component: 'Not a string' at position 206: ...stom_name=<--[HERE]
	at java.base/java.util.concurrent.CompletableFuture.encodeThrowable(CompletableFuture.java:315) ~[?:?]
	at java.base/java.util.concurrent.CompletableFuture.completeThrowable(CompletableFuture.java:320) ~[?:?]
	at java.base/java.util.concurrent.CompletableFuture$AsyncSupply.run(CompletableFuture.java:1770) ~[?:?]
	at java.base/java.util.concurrent.CompletableFuture$AsyncSupply.exec(CompletableFuture.java:1760) ~[?:?]
	at java.base/java.util.concurrent.ForkJoinTask.doExec(ForkJoinTask.java:387) ~[?:?]
	at java.base/java.util.concurrent.ForkJoinPool$WorkQueue.topLevelExec(ForkJoinPool.java:1312) ~[?:?]
	at java.base/java.util.concurrent.ForkJoinPool.scan(ForkJoinPool.java:1843) ~[?:?]
	at java.base/java.util.concurrent.ForkJoinPool.runWorker(ForkJoinPool.java:1808) ~[?:?]
	at java.base/java.util.concurrent.ForkJoinWorkerThread.run(ForkJoinWorkerThread.java:188) ~[?:?]
Caused by: java.lang.IllegalArgumentException: Whilst parsing command on line 1: Malformed 'minecraft:custom_name' component: 'Not a string' at position 206: ...stom_name=<--[HERE]
	at il.a(SourceFile:80) ~[server-1.21.4.jar:?]
	at alj.a(SourceFile:87) ~[server-1.21.4.jar:?]
	at java.base/java.util.concurrent.CompletableFuture$AsyncSupply.run(CompletableFuture.java:1768) ~[?:?]
	... 6 more
[20:24:30] [ServerMain/ERROR]: Failed to load function survivalexpansion:give/neptunium_crystal
java.util.concurrent.CompletionException: java.lang.IllegalArgumentException: Whilst parsing command on line 1: Unknown item component 'minecraft:tooltip_display' at position 167: ...ction":1},<--[HERE]
	at java.base/java.util.concurrent.CompletableFuture.encodeThrowable(CompletableFuture.java:315) ~[?:?]
	at java.base/java.util.concurrent.CompletableFuture.completeThrowable(CompletableFuture.java:320) ~[?:?]
	at java.base/java.util.concurrent.CompletableFuture$AsyncSupply.run(CompletableFuture.java:1770) ~[?:?]
	at java.base/java.util.concurrent.CompletableFuture$AsyncSupply.exec(CompletableFuture.java:1760) ~[?:?]
	at java.base/java.util.concurrent.ForkJoinTask.doExec(ForkJoinTask.java:387) ~[?:?]
	at java.base/java.util.concurrent.ForkJoinPool$WorkQueue.topLevelExec(ForkJoinPool.java:1312) ~[?:?]
	at java.base/java.util.concurrent.ForkJoinPool.scan(ForkJoinPool.java:1843) ~[?:?]
	at java.base/java.util.concurrent.ForkJoinPool.runWorker(ForkJoinPool.java:1808) ~[?:?]
	at java.base/java.util.concurrent.ForkJoinWorkerThread.run(ForkJoinWorkerThread.java:188) ~[?:?]
Caused by: java.lang.IllegalArgumentException: Whilst parsing command on line 1: Unknown item component 'minecraft:tooltip_display' at position 167: ...ction":1},<--[HERE]
	at il.a(SourceFile:80) ~[server-1.21.4.jar:?]
	at alj.a(SourceFile:87) ~[server-1.21.4.jar:?]
	at java.base/java.util.concurrent.CompletableFuture$AsyncSupply.run(CompletableFuture.java:1768) ~[?:?]
	... 6 more
[20:24:30] [ServerMain/ERROR]: Failed to load function survivalexpansion:give/neptunium_bow
java.util.concurrent.CompletionException: java.lang.IllegalArgumentException: Whilst parsing command on line 1: Malformed 'minecraft:custom_name' component: 'Not a string' at position 24: ...stom_name=<--[HERE]
	at java.base/java.util.concurrent.CompletableFuture.encodeThrowable(CompletableFuture.java:315) ~[?:?]
	at java.base/java.util.concurrent.CompletableFuture.completeThrowable(CompletableFuture.java:320) ~[?:?]
	at java.base/java.util.concurrent.CompletableFuture$AsyncSupply.run(CompletableFuture.java:1770) ~[?:?]
	at java.base/java.util.concurrent.CompletableFuture$AsyncSupply.exec(CompletableFuture.java:1760) ~[?:?]
	at java.base/java.util.concurrent.ForkJoinTask.doExec(ForkJoinTask.java:387) ~[?:?]
	at java.base/java.util.concurrent.ForkJoinPool$WorkQueue.topLevelExec(ForkJoinPool.java:1312) ~[?:?]
	at java.base/java.util.concurrent.ForkJoinPool.scan(ForkJoinPool.java:1843) ~[?:?]
	at java.base/java.util.concurrent.ForkJoinPool.runWorker(ForkJoinPool.java:1808) ~[?:?]
	at java.base/java.util.concurrent.ForkJoinWorkerThread.run(ForkJoinWorkerThread.java:188) ~[?:?]
Caused by: java.lang.IllegalArgumentException: Whilst parsing command on line 1: Malformed 'minecraft:custom_name' component: 'Not a string' at position 24: ...stom_name=<--[HERE]
	at il.a(SourceFile:80) ~[server-1.21.4.jar:?]
	at alj.a(SourceFile:87) ~[server-1.21.4.jar:?]
	at java.base/java.util.concurrent.CompletableFuture$AsyncSupply.run(CompletableFuture.java:1768) ~[?:?]
	... 6 more
[20:24:30] [ServerMain/ERROR]: Failed to load function survivalexpansion:give/titan_flame
java.util.concurrent.CompletionException: java.lang.IllegalArgumentException: Whilst parsing command on line 1: Malformed 'minecraft:can_place_on' component: 'Failed to parse either. First: Not a map: [{blocks:"netherrack"}]; Second: Not a map: [{blocks:"netherrack"}]' at position 37: ..._place_on=<--[HERE]
	at java.base/java.util.concurrent.CompletableFuture.encodeThrowable(CompletableFuture.java:315) ~[?:?]
	at java.base/java.util.concurrent.CompletableFuture.completeThrowable(CompletableFuture.java:320) ~[?:?]
	at java.base/java.util.concurrent.CompletableFuture$AsyncSupply.run(CompletableFuture.java:1770) ~[?:?]
	at java.base/java.util.concurrent.CompletableFuture$AsyncSupply.exec(CompletableFuture.java:1760) ~[?:?]
	at java.base/java.util.concurrent.ForkJoinTask.doExec(ForkJoinTask.java:387) ~[?:?]
	at java.base/java.util.concurrent.ForkJoinPool$WorkQueue.topLevelExec(ForkJoinPool.java:1312) ~[?:?]
	at java.base/java.util.concurrent.ForkJoinPool.scan(ForkJoinPool.java:1843) ~[?:?]
	at java.base/java.util.concurrent.ForkJoinPool.runWorker(ForkJoinPool.java:1808) ~[?:?]
	at java.base/java.util.concurrent.ForkJoinWorkerThread.run(ForkJoinWorkerThread.java:188) ~[?:?]
Caused by: java.lang.IllegalArgumentException: Whilst parsing command on line 1: Malformed 'minecraft:can_place_on' component: 'Failed to parse either. First: Not a map: [{blocks:"netherrack"}]; Second: Not a map: [{blocks:"netherrack"}]' at position 37: ..._place_on=<--[HERE]
	at il.a(SourceFile:80) ~[server-1.21.4.jar:?]
	at alj.a(SourceFile:87) ~[server-1.21.4.jar:?]
	at java.base/java.util.concurrent.CompletableFuture$AsyncSupply.run(CompletableFuture.java:1768) ~[?:?]
	... 6 more
[20:24:30] [ServerMain/ERROR]: Failed to load function survivalexpansion:give/bloodsteel_set
java.util.concurrent.CompletionException: java.lang.IllegalArgumentException: Whilst parsing command on line 1: Malformed 'minecraft:custom_name' component: 'Not a string' at position 37: ...stom_name=<--[HERE]
	at java.base/java.util.concurrent.CompletableFuture.encodeThrowable(CompletableFuture.java:315) ~[?:?]
	at java.base/java.util.concurrent.CompletableFuture.completeThrowable(CompletableFuture.java:320) ~[?:?]
	at java.base/java.util.concurrent.CompletableFuture$AsyncSupply.run(CompletableFuture.java:1770) ~[?:?]
	at java.base/java.util.concurrent.CompletableFuture$AsyncSupply.exec(CompletableFuture.java:1760) ~[?:?]
	at java.base/java.util.concurrent.ForkJoinTask.doExec(ForkJoinTask.java:387) ~[?:?]
	at java.base/java.util.concurrent.ForkJoinPool$WorkQueue.topLevelExec(ForkJoinPool.java:1312) ~[?:?]
	at java.base/java.util.concurrent.ForkJoinPool.scan(ForkJoinPool.java:1843) ~[?:?]
	at java.base/java.util.concurrent.ForkJoinPool.runWorker(ForkJoinPool.java:1808) ~[?:?]
	at java.base/java.util.concurrent.ForkJoinWorkerThread.run(ForkJoinWorkerThread.java:188) ~[?:?]
Caused by: java.lang.IllegalArgumentException: Whilst parsing command on line 1: Malformed 'minecraft:custom_name' component: 'Not a string' at position 37: ...stom_name=<--[HERE]
	at il.a(SourceFile:80) ~[server-1.21.4.jar:?]
	at alj.a(SourceFile:87) ~[server-1.21.4.jar:?]
	at java.base/java.util.concurrent.CompletableFuture$AsyncSupply.run(CompletableFuture.java:1768) ~[?:?]
	... 6 more
[20:24:30] [ServerMain/ERROR]: Failed to load function survivalexpansion:main
java.util.concurrent.CompletionException: java.lang.IllegalArgumentException: Whilst parsing command on line 683: Malformed 'minecraft:lore' component: 'com.google.gson.stream.MalformedJsonException: Use JsonReader.setStrictness(Strictness.LENIENT) to accept malformed JSON at line 1 column 8 path $
See https://github.com/google/gson/blob/main/Troubleshooting.md#malformed-json' at position 75: ... bedrock"]<--[HERE]
	at java.base/java.util.concurrent.CompletableFuture.encodeThrowable(CompletableFuture.java:315) ~[?:?]
	at java.base/java.util.concurrent.CompletableFuture.completeThrowable(CompletableFuture.java:320) ~[?:?]
	at java.base/java.util.concurrent.CompletableFuture$AsyncSupply.run(CompletableFuture.java:1770) ~[?:?]
	at java.base/java.util.concurrent.CompletableFuture$AsyncSupply.exec(CompletableFuture.java:1760) ~[?:?]
	at java.base/java.util.concurrent.ForkJoinTask.doExec(ForkJoinTask.java:387) ~[?:?]
	at java.base/java.util.concurrent.ForkJoinPool$WorkQueue.topLevelExec(ForkJoinPool.java:1312) ~[?:?]
	at java.base/java.util.concurrent.ForkJoinPool.scan(ForkJoinPool.java:1843) ~[?:?]
	at java.base/java.util.concurrent.ForkJoinPool.runWorker(ForkJoinPool.java:1808) ~[?:?]
	at java.base/java.util.concurrent.ForkJoinWorkerThread.run(ForkJoinWorkerThread.java:188) ~[?:?]
Caused by: java.lang.IllegalArgumentException: Whilst parsing command on line 683: Malformed 'minecraft:lore' component: 'com.google.gson.stream.MalformedJsonException: Use JsonReader.setStrictness(Strictness.LENIENT) to accept malformed JSON at line 1 column 8 path $
See https://github.com/google/gson/blob/main/Troubleshooting.md#malformed-json' at position 75: ... bedrock"]<--[HERE]
	at il.a(SourceFile:80) ~[server-1.21.4.jar:?]
	at alj.a(SourceFile:87) ~[server-1.21.4.jar:?]
	at java.base/java.util.concurrent.CompletableFuture$AsyncSupply.run(CompletableFuture.java:1768) ~[?:?]
	... 6 more
[20:24:30] [ServerMain/ERROR]: Couldn't load tag minecraft:tick as it is missing following references: survivalexpansion:main (from file/survivalexpansion-e1031.zip)
[20:24:30] [ServerMain/INFO]: Loaded 1568 advancements
[20:24:30] [Server thread/INFO]: Starting minecraft server version 1.21.4
[20:24:30] [Server thread/INFO]: Loading properties
[20:24:30] [Server thread/INFO]: Default game type: SURVIVAL
[20:24:30] [Server thread/INFO]: Generating keypair
[20:24:30] [Server thread/INFO]: Starting Minecraft server on *:25565
[20:24:30] [Server thread/INFO]: Using epoll channel type
[20:24:30] [Server thread/INFO]: Preparing level "world"
[20:24:31] [Server thread/INFO]: Preparing start region for dimension minecraft:overworld
[20:24:39] [Worker-Main-3/INFO]: Preparing spawn area: 0%
[20:24:39] [Worker-Main-3/INFO]: Preparing spawn area: 0%
[20:24:39] [Worker-Main-3/INFO]: Preparing spawn area: 0%
[20:24:39] [Worker-Main-3/INFO]: Preparing spawn area: 0%
[20:24:39] [Worker-Main-3/INFO]: Preparing spawn area: 0%
[20:24:39] [Worker-Main-3/INFO]: Preparing spawn area: 0%
[20:24:39] [Worker-Main-3/INFO]: Preparing spawn area: 0%
[20:24:39] [Worker-Main-3/INFO]: Preparing spawn area: 0%
[20:24:39] [Worker-Main-3/INFO]: Preparing spawn area: 0%
[20:24:39] [Worker-Main-3/INFO]: Preparing spawn area: 0%
[20:24:39] [Worker-Main-3/INFO]: Preparing spawn area: 0%
[20:24:39] [Worker-Main-3/INFO]: Preparing spawn area: 0%
[20:24:39] [Worker-Main-3/INFO]: Preparing spawn area: 0%
[20:24:39] [Worker-Main-3/INFO]: Preparing spawn area: 0%
[20:24:39] [Worker-Main-3/INFO]: Preparing spawn area: 0%
[20:24:39] [Worker-Main-3/INFO]: Preparing spawn area: 0%
[20:24:39] [Worker-Main-3/INFO]: Preparing spawn area: 0%
[20:24:39] [Worker-Main-3/INFO]: Preparing spawn area: 0%
[20:24:40] [Worker-Main-3/INFO]: Preparing spawn area: 18%
[20:24:40] [Server thread/INFO]: Time elapsed: 9062 ms
[20:24:40] [Server thread/INFO]: Done (9.586s)! For help, type "help"
[20:25:40] [Server thread/INFO]: Server empty for 60 seconds, pausing
[20:26:36] [User Authenticator #1/INFO]: UUID of player 4gxss_ is 2da2d18c-10fb-4344-89ee-5953f98e70ab
[20:26:37] [Server thread/INFO]: 4gxss_[/127.208.204.135:43115] logged in with entity id 58 at (-909.3000000119209, 69.0, 172.30000001192093)
[20:26:37] [Server thread/INFO]: 4gxss_ joined the game
[20:26:48] [Server thread/INFO]: [4gxss_: Set own game mode to Creative Mode]
[20:27:35] [Server thread/INFO]: [4gxss_: Set the world spawn point to -1095, 72, 273 [0.0]]
[20:27:53] [Server thread/INFO]: [4gxss_: Set own game mode to Survival Mode]
[20:31:36] [Server thread/INFO]: [4gxss_: The difficulty has been set to Hard]
[20:32:55] [Server thread/INFO]: [4gxss_: Gave 5 [Bread] to 4gxss_]
[20:33:09] [Server thread/INFO]: [4gxss_: Gave 22 [Bread] to 4gxss_]
[20:36:06] [Server thread/INFO]: 4gxss_ lost connection: Disconnected
[20:36:06] [Server thread/INFO]: 4gxss_ left the game
[20:37:06] [Server thread/INFO]: Server empty for 60 seconds, pausing
[20:37:53] [User Authenticator #2/INFO]: UUID of player 4gxss_ is 2da2d18c-10fb-4344-89ee-5953f98e70ab
[20:37:53] [Server thread/INFO]: 4gxss_[/127.208.204.135:47239] logged in with entity id 3217 at (-1069.14720229434, 74.0, 281.924748522141)
[20:37:53] [Server thread/INFO]: 4gxss_ joined the game
[20:39:55] [Server thread/INFO]: [4gxss_: Set the time to 1000]
